The average speed of CitiBikers (in MPH):
3.71983672648883