The average age of people who used CitiBikes in November 2015 is:
39