Sunday
2.5056522242370463
Monday
2.4956092597303483
Saturday
2.490566037735849
Thursday
2.490172801964855
Wednesday
2.489344627730718
Tuesday
2.4892317582770813
Friday
2.489118501775912
