COMPUTATIONAL GENOMICS
FOUND OF COMPUT SCI-TRACK
SOFTWARE SYSTEMS TRACK
INTELLIGENT SYSTEMS TRACK
APPLICATIONS-TRACK
VISION & GRAPHICS-TRACK
DIGITAL SYSTEMS TRACK
INTRO-COMPUT SCI/PROG IN JAVA
EMERGING SCHOLARS PROG SEMINAR
PROGRAMMING LANGUAGES
PROGRAMMING LANGUAGES
DATA STRUCTURES IN JAVA
DATA STRUCTURES IN JAVA
HONORS DATA STRUCTURES & ALGOL
ADVANCED PROGRAMMING
DISCRETE MATHEMATICS
DISCRETE MATHEMATICS
COMPUTER SCIENCE THEORY
COMPUTERS AND SOCIETY
UNDERGRADUATE THESIS
UNDERGRAD PROJECTS IN COMP SCI
INTRODUCTION TO DATABASES
INTRODUCTION TO DATABASES
INTRODUCTION TO DATABASES
DATABASE SYSTEM IMPLEMENTATION
OPERATING SYSTEMS I
COMPUTER SYSTEMS FOR DATA SCIENCE
COMPUTER GRAPHICS
ADVANCED COMPUTER GRAPHICS
3D UI AND AUGMENTED REALITY
NETWORK SECURITY
NATURAL LANGUAGE PROCESSING
MACHINE LEARNING FOR DATA SCI
MACHINE LEARNING
ADVANCED MACHINE LEARNING
PROJECTS IN COMPUTER SCIENCE
OPERATING SYSTEMS, II
TOPICS IN SOFTWARE ENGINEERING
SECURITY
INTRUSION DETECTION SYSTEMS
ADVANCED CRYPTOGRAPHY
HUMANOID ROBOTS
COMPUTATIONAL IMAGING
VISUAL DATABASES
TUTORIAL IN COMPUTER SCIENCE
PROJECTS IN COMPUTER SCIENCE
THESIS
FIELDWORK
TOPICS IN COMPUTER SCIENCE
TOPICS IN COMPUTER SCIENCE
TOPICS IN COMPUTER SCIENCE
DIRECTED RESEARCH IN COMP SCI
GRADUATE RESEARCH I
GRADUATE RESEARCH II
FUNDAMENTALS OF COMPUTER SYSTS
COMPUTER NETWORKS
COMPUTER ARCHITECTURE
EMBEDDED SYSTEMS
MODELING & PERFORMNCE EVALUATN
CAD OF DIGITAL SYSTEMS
ANALYSIS OF ALGORITHMS I
ANALYSIS OF ALGORITHMS I
INTRO TO COMP FOR ENG/APP SCI
