The percentage of CitiBike riders in November 2015 who were male:
74.29806079889926