another one
key to success is
bless up
moisturizer
city:
new york
month:
1
day:
21
year:
2016
