try again, good sir
try again, good sir
You did it!
